******************************************************************************
                  TI ARM Linker PC v15.12.2                    
******************************************************************************
>> Linked Thu Apr 27 16:37:39 2017

OUTPUT FILE NAME:   <air_quality_monitor.out>
ENTRY POINT SYMBOL: "_c_int00"  address: 200135dd


MEMORY CONFIGURATION

         name            origin    length      used     unused   attr    fill
----------------------  --------  ---------  --------  --------  ----  --------
  SRAM_CODE             20004000   00013000  00010b9a  00002466  RW X
  SRAM_DATA             20017000   00019000  00003e64  0001519c  RW X


SEGMENT ALLOCATION MAP

run origin  load origin   length   init length attrs members
----------  ----------- ---------- ----------- ----- -------
20004000    20004000    00010ba4   00010ba4    r-x
  20004000    20004000    00000400   00000400    r-- .intvecs
  20004400    20004400    0000ff5a   0000ff5a    r-x .text
  20014360    20014360    000005ec   000005ec    r-- .const
  20014950    20014950    00000254   00000254    r-- .cinit
20017000    20017000    00002e64   00000000    rw-
  20017000    20017000    00002000   00000000    rw- .sysmem
  20019000    20019000    00000984   00000000    rw- .bss
  20019984    20019984    000004e0   00000000    rw- .data
2002f000    2002f000    00001000   00000000    rw-
  2002f000    2002f000    00001000   00000000    rw- .stack


SECTION ALLOCATION MAP

 output                                  attributes/
section   page    origin      length       input sections
--------  ----  ----------  ----------   ----------------
.intvecs   0    20004000    00000400     
                  20004000    00000400     startup_ccs.obj (.intvecs)

.init_array 
*          0    20004000    00000000     UNINITIALIZED

.text      0    20004400    0000ff5a     
                  20004400    0000132c     main.obj (.text)
                  2000572c    0000125c     free_rtos.a : tasks.obj (.text)
                  20006988    000010fc     rtsv7M4_T_le_eabi.lib : _printfi.obj (.text)
                  20007a84    00000fc4     webclient.a : httpcli.obj (.text)
                  20008a48    00000b24     free_rtos.a : queue.obj (.text)
                  2000956c    000009a4     rtsv7M4_T_le_eabi.lib : e_pow.obj (.text)
                  20009f10    0000075c     sensorlib.a : bme280drv.obj (.text)
                  2000a66c    00000590     simplelink.a : driver.obj (.text:_SlDrvMsgRead)
                  2000abfc    0000045c     free_rtos.a : osi_freertos.obj (.text)
                  2000b058    000003f4     sensorlib.a : s8nsairdrv.obj (.text)
                  2000b44c    000003dc     rtsv7M4_T_le_eabi.lib : memory.obj (.text)
                  2000b828    00000354     common.a : verve_utils.obj (.text)
                  2000bb7c    00000324     rtsv7M4_T_le_eabi.lib : trgdrv.obj (.text)
                  2000bea0    0000030c                           : lowlev.obj (.text)
                  2000c1ac    000002ea     webclient.a : ssock.obj (.text)
                  2000c496    00000002     driverlib.a : interrupt.obj (.text:IntDefaultHandler)
                  2000c498    000002ac     common.a : simplelinklibrary.obj (.text)
                  2000c744    00000290     i2c_if.obj (.text)
                  2000c9d4    00000270     sensorlib.a : tmp006drv.obj (.text)
                  2000cc44    00000244                 : gp2y101drv.obj (.text)
                  2000ce88    0000023c     simplelink.a : driver.obj (.text:_SlDrvRxHdrRead)
                  2000d0c4    00000234     sensorlib.a : radondrv.obj (.text)
                  2000d2f8    00000220     gpio_if.obj (.text)
                  2000d518    0000021e     rtsv7M4_T_le_eabi.lib : ll_div_t2.obj (.text)
                  2000d736    000001f4                           : ull_div_t2.obj (.text)
                  2000d92a    00000002                           : l_div0.obj (.text)
                  2000d92c    000001e0     simplelink.a : driver.obj (.text:_SlDrvDataReadOp)
                  2000db0c    000001d0                  : driver.obj (.text:_SlDrvReleasePoolObj)
                  2000dcdc    000001c4     rtsv7M4_T_le_eabi.lib : fopen.obj (.text)
                  2000dea0    000001b6                           : fd_add_t2.obj (.text)
                  2000e056    000001a2     sensorlib.a : bma222drv.obj (.text)
                  2000e1f8    0000019c     simplelink.a : driver.obj (.text:_SlDrvMsgWrite)
                  2000e394    00000190                  : driver.obj (.text:_SlDrvDriverCBInit)
                  2000e524    00000190                  : driver.obj (.text:_SlDrvWaitForPoolObj)
                  2000e6b4    00000178     driverlib.a : prcm.obj (.text:PRCMCC3200MCUInit)
                  2000e82c    00000170     simplelink.a : driver.obj (.text:_SlFindAndSetActiveObj)
                  2000e99c    00000170     rtsv7M4_T_le_eabi.lib : e_sqrt.obj (.text)
                  2000eb0c    0000016c     simplelink.a : socket.obj (.text:sl_Connect)
                  2000ec78    0000015c     sensorlib.a : mics87drv.obj (.text)
                  2000edd4    00000158     common.a : verve_cloud.obj (.text)
                  2000ef2c    00000150     simplelink.a : cc_pal.obj (.text:spi_Open)
                  2000f07c    0000014c                  : driver.obj (.text:_SlDrvDataWriteOp)
                  2000f1c8    00000144     sensorlib.a : emfdrv.obj (.text)
                  2000f30c    00000136     rtsv7M4_T_le_eabi.lib : fd_div_t2.obj (.text)
                  2000f442    00000002                           : mpu_init.obj (.text)
                  2000f444    00000134                           : strtol.obj (.text)
                  2000f578    0000012c     simplelink.a : netapp.obj (.text:sl_NetAppDnsGetHostByName)
                  2000f6a4    0000012a     free_rtos.a : list.obj (.text)
                  2000f7ce    00000002     rtsv7M4_T_le_eabi.lib : startup.obj (.text)
                  2000f7d0    00000120     simplelink.a : driver.obj (.text:_SlDrvMsgReadCmdCtx)
                  2000f8f0    00000118                  : driver.obj (.text:_SlDrvDriverCBDeinit)
                  2000fa08    00000118                  : socket.obj (.text:sl_Send)
                  2000fb20    00000114     pinmux.obj (.text)
                  2000fc34    00000114     rtsv7M4_T_le_eabi.lib : strtoul.obj (.text)
                  2000fd48    00000110     free_rtos.a : port.obj (.text)
                  2000fe58    00000104     simplelink.a : netapp.obj (.text:_SlDrvNetAppEventHandler)
                  2000ff5c    000000fc     rtsv7M4_T_le_eabi.lib : fd_mul_t2.obj (.text)
                  20010058    000000fa                           : fs_add_t2.obj (.text)
                  20010152    00000002     --HOLE-- [fill = 0]
                  20010154    000000f0     driverlib.a : udma.obj (.text:uDMAChannelTransferSet)
                  20010244    000000e8     simplelink.a : driver.obj (.text:_SlAsyncEventGenericHandler)
                  2001032c    000000e4                  : device.obj (.text:sl_Stop)
                  20010410    000000e0                  : device.obj (.text:sl_Start)
                  200104f0    000000dc                  : driver.obj (.text:_SlDrvClassifyRxMsg)
                  200105cc    000000dc     rtsv7M4_T_le_eabi.lib : setvbuf.obj (.text)
                  200106a8    000000dc     simplelink.a : cc_pal.obj (.text:spi_Read)
                  20010784    000000d4                  : driver.obj (.text:_SlDrvMsgReadSpawnCtx)
                  20010858    000000d0     rtsv7M4_T_le_eabi.lib : s_scalbn.obj (.text)
                  20010928    000000cc     simplelink.a : netapp.obj (.text:_sl_HandleAsync_DnsGetHostByService)
                  200109f4    000000c8     rtsv7M4_T_le_eabi.lib : fflush.obj (.text)
                  20010abc    000000c8     simplelink.a : netapp.obj (.text:sl_NetAppMDNSRegisterUnregisterService)
                  20010b84    000000c4                  : driver.obj (.text:_SlRemoveFromList)
                  20010c48    000000c0                  : driver.obj (.text:_SlDrvCmdOp)
                  20010d08    000000c0                  : netcfg.obj (.text:sl_NetCfgGet)
                  20010dc8    000000ba     free_rtos.a : portasm.obj (.text)
                  20010e82    00000002     --HOLE-- [fill = 0]
                  20010e84    000000b4     rtsv7M4_T_le_eabi.lib : s_trunc.obj (.text)
                  20010f38    000000b4     simplelink.a : device.obj (.text:sl_DevGet)
                  20010fec    000000b4                  : wlan.obj (.text:sl_WlanGet)
                  200110a0    000000ac     rtsv7M4_T_le_eabi.lib : _io_perm.obj (.text)
                  2001114c    000000a8     driverlib.a : interrupt.obj (.text:IntDisable)
                  200111f4    000000a8                 : interrupt.obj (.text:IntEnable)
                  2001129c    000000a8     simplelink.a : wlan.obj (.text:sl_WlanSmartConfigStart)
                  20011344    000000a0     driverlib.a : spi.obj (.text:SPIConfigSetExpClk)
                  200113e4    000000a0     simplelink.a : driver.obj (.text:_SlDriverHandleError)
                  20011484    0000009c     rtsv7M4_T_le_eabi.lib : memcpy_t2.obj (.text)
                  20011520    0000009c     simplelink.a : netapp.obj (.text:sl_NetAppGet)
                  200115bc    0000009a                  : device.obj (.text:_SlDrvDeviceEventHandler)
                  20011656    00000002     --HOLE-- [fill = 0]
                  20011658    00000098     rtsv7M4_T_le_eabi.lib : fclose.obj (.text)
                  200116f0    00000098                           : fputc.obj (.text)
                  20011788    00000094     driverlib.a : prcm.obj (.text:PRCMPeripheralClockGet)
                  2001181c    00000092     rtsv7M4_T_le_eabi.lib : fs_div_t2.obj (.text)
                  200118ae    00000002     --HOLE-- [fill = 0]
                  200118b0    00000090     simplelink.a : netapp.obj (.text:_sl_HandleAsync_DnsGetHostByName)
                  20011940    00000090                  : netapp.obj (.text:_sl_HandleAsync_PingResponse)
                  200119d0    0000008c                  : cc_pal.obj (.text:SetupDMAReceive)
                  20011a5c    0000008c                  : cc_pal.obj (.text:SetupDMASend)
                  20011ae8    0000008c                  : driver.obj (.text:_SlDrvIsTimeoutExpired)
                  20011b74    0000008c                  : cc_pal.obj (.text:spi_Write)
                  20011c00    00000088     driverlib.a : pin.obj (.text:PinConfigSet)
                  20011c88    00000088     rtsv7M4_T_le_eabi.lib : vsnprintf.obj (.text)
                  20011d10    00000088     simplelink.a : socket.obj (.text:sl_Recv)
                  20011d98    00000086     rtsv7M4_T_le_eabi.lib : fd_cmp_t2.obj (.text:__aeabi_cdcmple)
                  20011e1e    00000086                           : fd_cmp_t2.obj (.text:__aeabi_cdrcmple)
                  20011ea4    00000084     driverlib.a : i2c.obj (.text:I2CMasterInitExpClk)
                  20011f28    00000082                 : gpio.obj (.text:GPIOIntTypeSet)
                  20011faa    00000002     --HOLE-- [fill = 0]
                  20011fac    00000080     simplelink.a : socket.obj (.text:_sl_HandleAsync_Connect)
                  2001202c    00000080                  : device.obj (.text:_sl_HandleAsync_InitComplete)
                  200120ac    00000080                  : cc_pal.obj (.text:spi_Read_CPU)
                  2001212c    00000080                  : cc_pal.obj (.text:spi_Write_CPU)
                  200121ac    0000007c                  : device.obj (.text:sl_DevSet)
                  20012228    0000007c                  : netapp.obj (.text:sl_NetAppSet)
                  200122a4    0000007c                  : socket.obj (.text:sl_SetSockOpt)
                  20012320    0000007c                  : wlan.obj (.text:sl_WlanSet)
                  2001239c    0000007a     rtsv7M4_T_le_eabi.lib : fs_mul_t2.obj (.text)
                  20012416    0000007a                           : memset_t2.obj (.text)
                  20012490    00000078     simplelink.a : wlan.obj (.text:sl_WlanPolicySet)
                  20012508    00000078                  : cc_pal.obj (.text:spi_Close)
                  20012580    00000076     driverlib.a : uart.obj (.text:UARTConfigSetExpClk)
                  200125f6    00000002     --HOLE-- [fill = 0]
                  200125f8    00000070     rtsv7M4_T_le_eabi.lib : autoinit.obj (.text)
                  20012668    00000070     simplelink.a : socket.obj (.text:sl_Socket)
                  200126d8    0000006e     rtsv7M4_T_le_eabi.lib : fd_tos_t2.obj (.text)
                  20012746    00000002     --HOLE-- [fill = 0]
                  20012748    0000006c     simplelink.a : driver.obj (.text:_SlDrvCmdSend)
                  200127b4    0000006c                  : netapp.obj (.text:_sl_NetAppSendTokenValue)
                  20012820    0000006a     rtsv7M4_T_le_eabi.lib : copy_decompress_rle.obj (.text)
                  2001288a    00000002     --HOLE-- [fill = 0]
                  2001288c    00000068                           : trgmsg.obj (.text)
                  200128f4    00000068     sensorlib.a : ads1115.obj (.text)
                  2001295c    00000064     simplelink.a : socket.obj (.text:_sl_HandleAsync_Accept)
                  200129c0    00000064     rtsv7M4_T_le_eabi.lib : fseek.obj (.text)
                  20012a24    00000064     driverlib.a : udma.obj (.text:uDMAChannelAttributeDisable)
                  20012a88    00000064                 : udma.obj (.text:uDMAChannelAttributeEnable)
                  20012aec    00000060     rtsv7M4_T_le_eabi.lib : fs_cmp_t2.obj (.text:__aeabi_cfcmple)
                  20012b4c    00000060                           : sprintf.obj (.text)
                  20012bac    0000005c                           : s_frexp.obj (.text)
                  20012c08    00000058     driverlib.a : interrupt.obj (.text:IntPendClear)
                  20012c60    00000058                 : prcm.obj (.text:PRCMPeripheralReset)
                  20012cb8    00000056     rtsv7M4_T_le_eabi.lib : ltoa.obj (.text)
                  20012d0e    00000002     --HOLE-- [fill = 0]
                  20012d10    00000054     driverlib.a : interrupt.obj (.text:IntPrioritySet)
                  20012d64    00000054     simplelink.a : socket.obj (.text:_sl_HandleAsync_Select)
                  20012db8    00000054     rtsv7M4_T_le_eabi.lib : exit.obj (.text)
                  20012e0c    00000050     simplelink.a : driver.obj (.text:_SlDrvRxIrqHandler)
                  20012e5c    00000050                  : device.obj (.text:_sl_HandleAsync_Stop)
                  20012eac    00000050     common.a : smartconfig.obj (.text)
                  20012efc    00000050     simplelink.a : netapp.obj (.text:sl_NetAppMDNSRegisterService)
                  20012f4c    0000004c     driverlib.a : spi.obj (.text:SPIIntEnable)
                  20012f98    0000004c     simplelink.a : driver.obj (.text:_SlDrvProtectAsyncRespSetting)
                  20012fe4    0000004c                  : socket.obj (.text:_sl_BuildAddress)
                  20013030    0000004c     rtsv7M4_T_le_eabi.lib : atoi.obj (.text)
                  2001307c    0000004c                           : cpy_tbl.obj (.text)
                  200130c8    0000004c     driverlib.a : udma.obj (.text:uDMAChannelAssign)
                  20013114    00000048                 : spi.obj (.text:SPIIntClear)
                  2001315c    00000048     simplelink.a : driver.obj (.text:_SlDrvBasicCmd)
                  200131a4    00000048     rtsv7M4_T_le_eabi.lib : fd_toi_t2.obj (.text)
                  200131ec    00000048                           : ll_tofs_t2.obj (.text)
                  20013234    00000048     simplelink.a : netapp.obj (.text:sl_NetAppMDNSUnRegisterService)
                  2001327c    00000044     driverlib.a : spi.obj (.text:SPIDmaMaskGet)
                  200132c0    00000044                 : timer.obj (.text:TimerConfigure)
                  20013304    00000044     simplelink.a : driver.obj (.text:_SlDrvHandleHttpServerEvents)
                  20013348    00000044                  : cc_pal.obj (.text:cc_SetupTransfer)
                  2001338c    00000044                  : socket.obj (.text:sl_Close)
                  200133d0    00000044                  : wlan.obj (.text:sl_WlanProfileDel)
                  20013414    00000044                  : wlan.obj (.text:sl_WlanSetMode)
                  20013458    00000042                  : socket.obj (.text:sl_Htonl)
                  2001349a    00000002     --HOLE-- [fill = 0]
                  2001349c    00000040     driverlib.a : pin.obj (.text:PinModeSet)
                  200134dc    00000040     simplelink.a : driver.obj (.text:_SlDrvHandleNetAppEvents)
                  2001351c    00000040                  : driver.obj (.text:_SlDrvHandleWlanEvents)
                  2001355c    00000040                  : driver.obj (.text:_SlDrvSyncObjWaitTimeout)
                  2001359c    00000040                  : socket.obj (.text:_sl_TruncatePayloadByProtocol)
                  200135dc    00000040     rtsv7M4_T_le_eabi.lib : boot.obj (.text)
                  2001361c    00000040     simplelink.a : netapp.obj (.text:sl_NetAppStart)
                  2001365c    00000040                  : netapp.obj (.text:sl_NetAppStop)
                  2001369c    0000003c                  : netapp.obj (.text:CopyPingResultsToReport)
                  200136d8    0000003c     driverlib.a : prcm.obj (.text:PRCMPeripheralClkEnable)
                  20013714    0000003c     simplelink.a : cc_pal.obj (.text:simplelink_timerA2_start)
                  20013750    0000003c                  : socket.obj (.text:sl_Htons)
                  2001378c    0000003c     driverlib.a : udma.obj (.text:uDMAChannelControlSet)
                  200137c8    00000038     simplelink.a : cc_pal.obj (.text:NwpPowerOff)
                  20013800    00000038     free_rtos.a : heap_3.obj (.text)
                  20013838    00000038     rtsv7M4_T_le_eabi.lib : fs_tod_t2.obj (.text)
                  20013870    00000038                           : fs_toi_t2.obj (.text)
                  200138a8    00000038                           : i_tofs_t2.obj (.text)
                  200138e0    00000036     driverlib.a : gpio.obj (.text:GPIODirModeSet)
                  20013916    00000002     --HOLE-- [fill = 0]
                  20013918    00000034                 : prcm.obj (.text:PRCMPeripheralStatusGet)
                  2001394c    00000034                 : spi.obj (.text:SPIFIFOLevelSet)
                  20013980    00000034     rtsv7M4_T_le_eabi.lib : fs_tou_t2.obj (.text)
                  200139b4    00000030     driverlib.a : pin.obj (.text:PinTypeGPIO)
                  200139e4    00000030                 : uart.obj (.text:UARTDisable)
                  20013a14    00000030     rtsv7M4_T_le_eabi.lib : strncpy.obj (.text)
                  20013a44    0000002e                           : i_tofd_t2.obj (.text)
                  20013a72    00000002     --HOLE-- [fill = 0]
                  20013a74    0000002c     simplelink.a : cc_pal.obj (.text:DmaSpiSwIntHandler)
                  20013aa0    0000002c     driverlib.a : i2c.obj (.text:I2CMasterErr)
                  20013acc    0000002c                 : prcm.obj (.text:PRCMSysResetCauseGet)
                  20013af8    0000002a                 : timer.obj (.text:TimerLoadSet)
                  20013b22    0000002a                 : timer.obj (.text:TimerPrescaleSet)
                  20013b4c    00000028                 : prcm.obj (.text:PRCMPeripheralClkDisable)
                  20013b74    00000028     simplelink.a : driver.obj (.text:_SlDrvObjGlobalLockWaitForever)
                  20013b9c    00000028                  : driver.obj (.text:_SlDrvProtectionObjLockWaitForever)
                  20013bc4    00000028     rtsv7M4_T_le_eabi.lib : strncat.obj (.text)
                  20013bec    00000026     simplelink.a : cc_pal.obj (.text:NwpRegisterInterruptHandler)
                  20013c12    00000026     network_common.obj (.text)
                  20013c38    00000026     rtsv7M4_T_le_eabi.lib : strncmp.obj (.text)
                  20013c5e    00000002     --HOLE-- [fill = 0]
                  20013c60    00000024     driverlib.a : interrupt.obj (.text:IntUnregister)
                  20013c84    00000024                 : uart.obj (.text:UARTCharPutNonBlocking)
                  20013ca8    00000024                 : uart.obj (.text:UARTEnable)
                  20013ccc    00000024     simplelink.a : driver.obj (.text:_SlDrvGlobalObjUnLock)
                  20013cf0    00000024                  : driver.obj (.text:_SlDrvProtectionObjUnLock)
                  20013d14    00000024                  : driver.obj (.text:_SlDrvSyncObjWaitForever)
                  20013d38    00000022     driverlib.a : i2c.obj (.text:I2CMasterSlaveAddrSet)
                  20013d5a    00000022                 : spi.obj (.text:SPIReset)
                  20013d7c    00000022                 : spi.obj (.text:SPIWordCountSet)
                  20013d9e    00000022     simplelink.a : driver.obj (.text:_SlDrvObjLockWaitForever)
                  20013dc0    00000022     rtsv7M4_T_le_eabi.lib : memcmp.obj (.text)
                  20013de2    00000020     driverlib.a : gpio.obj (.text:GPIOPinWrite)
                  20013e02    00000002     --HOLE-- [fill = 0]
                  20013e04    00000020                 : interrupt.obj (.text:IntRegister)
                  20013e24    00000020     simplelink.a : cc_pal.obj (.text:NwpPowerOn)
                  20013e44    00000020                  : cc_pal.obj (.text:TimerGetCurrentTimestamp)
                  20013e64    00000020                  : wlan.obj (.text:sl_WlanSmartConfigStop)
                  20013e84    0000001e     driverlib.a : i2c.obj (.text:I2CMasterIntStatusEx)
                  20013ea2    0000001e                 : timer.obj (.text:TimerEnable)
                  20013ec0    0000001e     simplelink.a : driver.obj (.text:_SlDrvObjUnLock)
                  20013ede    0000001e                  : driver.obj (.text:_SlDrvSyncObjSignal)
                  20013efc    0000001e                  : cc_pal.obj (.text:cc_UDMAChannelSelect)
                  20013f1a    0000001e     rtsv7M4_T_le_eabi.lib : strcat.obj (.text)
                  20013f38    0000001c     driverlib.a : pin.obj (.text:PinTypeI2C)
                  20013f54    0000001c                 : timer.obj (.text:TimerValueGet)
                  20013f70    0000001c                 : uart.obj (.text:UARTCharGetNonBlocking)
                  20013f8c    0000001c     simplelink.a : driver.obj (.text:_SlDrvStartMeasureTimeout)
                  20013fa8    0000001c     rtsv7M4_T_le_eabi.lib : memccpy.obj (.text)
                  20013fc4    0000001c     driverlib.a : udma.obj (.text:uDMAChannelEnable)
                  20013fe0    0000001a                 : gpio.obj (.text:GPIOIntEnable)
                  20013ffa    0000001a                 : pin.obj (.text:PinTypeUART)
                  20014014    0000001a                 : spi.obj (.text:SPIDmaDisable)
                  2001402e    0000001a                 : spi.obj (.text:SPIDmaEnable)
                  20014048    0000001a                 : spi.obj (.text:SPIFIFODisable)
                  20014062    0000001a                 : spi.obj (.text:SPIFIFOEnable)
                  2001407c    00000018                 : gpio.obj (.text:GPIOPinRead)
                  20014094    00000018                 : spi.obj (.text:SPICSDisable)
                  200140ac    00000018                 : spi.obj (.text:SPICSEnable)
                  200140c4    00000018                 : spi.obj (.text:SPIDisable)
                  200140dc    00000018                 : spi.obj (.text:SPIEnable)
                  200140f4    00000018                 : uart.obj (.text:UARTCharsAvail)
                  2001410c    00000018     simplelink.a : device.obj (.text:_sl_GetStartResponseConvert)
                  20014124    00000018     rtsv7M4_T_le_eabi.lib : args_main.obj (.text)
                  2001413c    00000018                           : ll_mul_t2.obj (.text)
                  20014154    00000018                           : strcmp.obj (.text)
                  2001416c    00000016     driverlib.a : i2c.obj (.text:I2CMasterDataPut)
                  20014182    00000016                 : i2c.obj (.text:I2CMasterEnable)
                  20014198    00000016                 : prcm.obj (.text:PRCMHIBRegRead)
                  200141ae    00000016                 : prcm.obj (.text:PRCMHIBRegWrite)
                  200141c4    00000016                 : uart.obj (.text:UARTCharGet)
                  200141da    00000016     simplelink.a : driver.obj (.text:_SlDrvMemZero)
                  200141f0    00000016     rtsv7M4_T_le_eabi.lib : strchr.obj (.text)
                  20014206    00000014     driverlib.a : cpu.obj (.text:CPUcpsie)
                  2001421a    00000014                 : gpio.obj (.text:GPIOIntClear)
                  2001422e    00000002     --HOLE-- [fill = 0]
                  20014230    00000014                 : interrupt.obj (.text:IntVTableBaseSet)
                  20014244    00000014     rtsv7M4_T_le_eabi.lib : _lock.obj (.text)
                  20014258    00000014                           : strcpy.obj (.text)
                  2001426c    00000014                           : strlen.obj (.text)
                  20014280    00000012     driverlib.a : i2c.obj (.text:I2CMasterControl)
                  20014292    00000012                 : i2c.obj (.text:I2CMasterIntClearEx)
                  200142a4    00000012                 : i2c.obj (.text:I2CMasterTimeoutSet)
                  200142b6    00000012                 : uart.obj (.text:UARTRxErrorGet)
                  200142c8    00000010                 : uart.obj (.text:UARTRxErrorClear)
                  200142d8    00000010     simplelink.a : driver.obj (.text:_SlDrvDispatchHttpServerEvents)
                  200142e8    0000000e     driverlib.a : i2c.obj (.text:I2CMasterDataGet)
                  200142f6    0000000e     simplelink.a : driver.obj (.text:_SlDrvResetCmdExt)
                  20014304    0000000e     rtsv7M4_T_le_eabi.lib : copy_decompress_none.obj (.text:decompress:none)
                  20014312    0000000e     startup_ccs.obj (.text)
                  20014320    0000000c     simplelink.a : cc_pal.obj (.text:NwpMaskInterrupt)
                  2001432c    0000000c                  : cc_pal.obj (.text:NwpUnMaskInterrupt)
                  20014338    0000000a     driverlib.a : interrupt.obj (.text:IntMasterEnable)
                  20014342    00000008     rtsv7M4_T_le_eabi.lib : s_copysign.obj (.text)
                  2001434a    00000006     driverlib.a : utils.obj (.text:UtilsDelay)
                  20014350    00000006     rtsv7M4_T_le_eabi.lib : copy_decompress_rle.obj (.text:decompress:rle24)
                  20014356    00000004                           : pre_init.obj (.text)

.const     0    20014360    000005ec     
                  20014360    00000101     rtsv7M4_T_le_eabi.lib : ctype.obj (.const:.string:_ctypes_)
                  20014461    00000003     main.obj (.const:.string:$P$T0$1)
                  20014464    00000100     driverlib.a : pin.obj (.const:g_ulPinToPadMap)
                  20014564    000000d4                 : interrupt.obj (.const:g_pulRegs)
                  20014638    000000a8                 : prcm.obj (.const:PRCM_PeriphRegsList)
                  200146e0    0000003c     simplelink.a : driver.obj (.const:OpcodeTranslateTable)
                  2001471c    00000038                  : driver.obj (.const:_SlActionLookupTable)
                  20014754    00000004                  : socket.obj (.const:$P$T2$3)
                  20014758    00000030     rtsv7M4_T_le_eabi.lib : e_pow.obj (.const:$O1$$)
                  20014788    00000021     common.a : simplelinklibrary.obj (.const:.string:$P$T2$7)
                  200147a9    00000003     --HOLE-- [fill = 0]
                  200147ac    00000020              : verve_cloud.obj (.const:$P$T0$1)
                  200147cc    00000020              : simplelinklibrary.obj (.const:.string:$P$T0$5)
                  200147ec    00000020              : simplelinklibrary.obj (.const:.string:$P$T1$6)
                  2001480c    00000020     simplelink.a : driver.obj (.const:RxMsgClassLUT)
                  2001482c    00000018     driverlib.a : interrupt.obj (.const:g_pulDisRegs)
                  20014844    00000018                 : interrupt.obj (.const:g_pulEnRegs)
                  2001485c    00000018                 : interrupt.obj (.const:g_pulUnpendRegs)
                  20014874    00000018                 : spi.obj (.const:g_ulSPIDmaMaskMap)
                  2001488c    00000014     simplelink.a : driver.obj (.const:$P$T0$1)
                  200148a0    00000010                  : socket.obj (.const:.string:_SlPayloadByProtocolLUT)
                  200148b0    00000010     webclient.a : httpcli.obj (.const)
                  200148c0    0000000b     common.a : verve_utils.obj (.const:.string:theDigits)
                  200148cb    00000008     webclient.a : httpcli.obj (.const:.string)
                  200148d3    00000008     simplelink.a : device.obj (.const:StartResponseLUT)
                  200148db    00000001     --HOLE-- [fill = 0]
                  200148dc    00000008                  : driver.obj (.const:g_H2NCnysPattern)
                  200148e4    00000008                  : driver.obj (.const:g_H2NSyncPattern)
                  200148ec    00000004                  : device.obj (.const:_SlDeviceGetCmdCtrl)
                  200148f0    00000004                  : device.obj (.const:_SlDeviceSetCmdCtrl)
                  200148f4    00000004                  : netapp.obj (.const:_SlGetHostByNameCtrl)
                  200148f8    00000004                  : netapp.obj (.const:_SlNetAppGetCmdCtrl)
                  200148fc    00000004                  : netapp.obj (.const:_SlNetAppSendTokenValueCmdCtrl)
                  20014900    00000004                  : netapp.obj (.const:_SlNetAppSetCmdCtrl)
                  20014904    00000004                  : netapp.obj (.const:_SlNetAppStartCtrl)
                  20014908    00000004                  : netapp.obj (.const:_SlNetAppStopCtrl)
                  2001490c    00000004                  : netcfg.obj (.const:_SlNetCfgGetCmdCtrl)
                  20014910    00000004                  : wlan.obj (.const:_SlPolicySetCmdCtrl)
                  20014914    00000004                  : wlan.obj (.const:_SlProfileDelCmdCtrl)
                  20014918    00000004                  : socket.obj (.const:_SlRecvCmdCtrl)
                  2001491c    00000004                  : netapp.obj (.const:_SlRegisterServiceCtrl)
                  20014920    00000004                  : socket.obj (.const:_SlSendCmdCtrl)
                  20014924    00000004                  : socket.obj (.const:_SlSetSockOptCmdCtrl)
                  20014928    00000004                  : wlan.obj (.const:_SlSmartConfigStartCmdCtrl)
                  2001492c    00000004                  : socket.obj (.const:_SlSockCloseCmdCtrl)
                  20014930    00000004                  : socket.obj (.const:_SlSockSocketCmdCtrl)
                  20014934    00000004                  : device.obj (.const:_SlStopCmdCtrl)
                  20014938    00000004                  : wlan.obj (.const:_SlWlanCfgGetCmdCtrl)
                  2001493c    00000004                  : wlan.obj (.const:_SlWlanCfgSetCmdCtrl)
                  20014940    00000004                  : wlan.obj (.const:_SlWlanSetModeCmdCtrl)
                  20014944    00000004                  : driver.obj (.const:httpServer_callbacks)
                  20014948    00000004                  : driver.obj (.const:netApp_callbacks)

.cinit     0    20014950    00000254     
                  20014950    0000022e     (.cinit..data.load) [load image, compression = rle]
                  20014b7e    00000002     --HOLE-- [fill = 0]
                  20014b80    0000000b     (.cinit..bss.load) [load image, compression = rle]
                  20014b8b    00000001     --HOLE-- [fill = 0]
                  20014b8c    00000008     (__TI_handler_table)
                  20014b94    00000010     (__TI_cinit_table)

.sysmem    0    20017000    00002000     UNINITIALIZED
                  20017000    00000008     rtsv7M4_T_le_eabi.lib : memory.obj (.sysmem)
                  20017008    00001ff8     --HOLE--

.bss       0    20019000    00000984     UNINITIALIZED
                  20019000    00000190     (.common:DustReadings)
                  20019190    00000178     simplelink.a : driver.obj (.bss:g_StatMem)
                  20019308    00000120     rtsv7M4_T_le_eabi.lib : trgmsg.obj (.bss:_CIOBUF_)
                  20019428    00000100     common.a : verve_utils.obj (.bss:crc8_table)
                  20019528    000000c8     free_rtos.a : tasks.obj (.bss:pxReadyTasksLists)
                  200195f0    000000a0     (.common:__TI_tmpnams)
                  20019690    00000050     (.common:g_ucDinDout)
                  200196e0    00000050     (.common:xQueueRegistry)
                  20019730    00000040     main.obj (.bss:g_verveLog)
                  20019770    0000002c     (.common:dateTime)
                  2001979c    00000024     main.obj (.bss:g_ucConnectionSSID)
                  200197c0    00000024     common.a : simplelinklibrary.obj (.bss:strDeviceName$2)
                  200197e4    00000024              : simplelinklibrary.obj (.bss:strDomainName$3)
                  20019808    00000024     (.common:calibration)
                  2001982c    00000020              : simplelinklibrary.obj (.bss:ssidName$4)
                  2001984c    0000001c     (.common:g_BME280Data)
                  20019868    00000018     (.common:g_MICS87Data)
                  20019880    00000018     (.common:g_RadonData)
                  20019898    00000018     (.common:g_S8NSAIRData)
                  200198b0    00000014              : simplelinklibrary.obj (.bss:macAddressFull$1)
                  200198c4    00000014     free_rtos.a : tasks.obj (.bss:xDelayedTaskList1)
                  200198d8    00000014                 : tasks.obj (.bss:xDelayedTaskList2)
                  200198ec    00000014                 : tasks.obj (.bss:xPendingReadyList)
                  20019900    00000014                 : tasks.obj (.bss:xSuspendedTaskList)
                  20019914    00000014                 : tasks.obj (.bss:xTasksWaitingTermination)
                  20019928    00000014     (.common:g_EMFData)
                  2001993c    00000014     (.common:g_GP2Y101Data)
                  20019950    00000009     (.common:settings)
                  20019959    00000001     (.common:RxIrqCnt)
                  2001995a    00000001     (.common:g_bDeviceRestartIsRequired)
                  2001995b    00000001     (.common:g_ucMotion)
                  2001995c    00000008                 : tasks.obj (.bss)
                  20019964    00000008     main.obj (.bss:g_ucConnectionBSSID)
                  2001996c    00000008     rtsv7M4_T_le_eabi.lib : trgdrv.obj (.bss:parmbuf)
                  20019974    00000004     (.common:DMAMsgQ)
                  20019978    00000004     (.common:g_cDummy)
                  2001997c    00000004     (.common:g_ulDestinationIP)
                  20019980    00000004     (.common:t_fine)

.data      0    20019984    000004e0     UNINITIALIZED
                  20019984    000000f0     rtsv7M4_T_le_eabi.lib : defs.obj (.data:_ftable)
                  20019a74    000000d0                           : lowlev.obj (.data:$O1$$)
                  20019b44    00000048     webclient.a : httpcli.obj (.data:tlsParams)
                  20019b8c    00000046     common.a : simplelinklibrary.obj (.data:mdnsText)
                  20019bd2    00000002     main.obj (.data:SENSORS_SEPARATOR)
                  20019bd4    00000038     sensorlib.a : gp2y101drv.obj (.data)
                  20019c0c    00000034     free_rtos.a : tasks.obj (.data)
                  20019c40    0000002a     main.obj (.data:SENSORS_TEMPLATE_A)
                  20019c6a    00000028     common.a : simplelinklibrary.obj (.data:mdnsServiceName)
                  20019c92    0000001d     main.obj (.data:SENSORS_TEMPLATE_B)
                  20019caf    00000001     --HOLE--
                  20019cb0    00000014     gpio_if.obj (.data:ulReg)
                  20019cc4    00000010     rtsv7M4_T_le_eabi.lib : defs.obj (.data)
                  20019cd4    00000010     webclient.a : httpcli.obj (.data)
                  20019ce4    0000000c     rtsv7M4_T_le_eabi.lib : exit.obj (.data:$O1$$)
                  20019cf0    0000000c                           : memory.obj (.data:$O1$$)
                  20019cfc    0000000c     main.obj (.data:Name_TEMP)
                  20019d08    0000000c     free_rtos.a : osi_freertos.obj (.data)
                  20019d14    0000000c     main.obj (.data)
                  20019d20    0000000b     main.obj (.data:GET_token_ACC)
                  20019d2b    0000000b     main.obj (.data:GET_token_AHPT)
                  20019d36    0000000b     main.obj (.data:GET_token_CO2)
                  20019d41    0000000b     main.obj (.data:GET_token_CO2_Calibrate)
                  20019d4c    0000000b     main.obj (.data:GET_token_Cloud)
                  20019d57    0000000b     main.obj (.data:GET_token_Control)
                  20019d62    0000000b     main.obj (.data:GET_token_DateTime)
                  20019d6d    0000000b     main.obj (.data:GET_token_Dust)
                  20019d78    0000000b     main.obj (.data:GET_token_EMF)
                  20019d83    0000000b     main.obj (.data:GET_token_Humidity)
                  20019d8e    0000000b     main.obj (.data:GET_token_Logger)
                  20019d99    0000000b     main.obj (.data:GET_token_NOX)
                  20019da4    0000000b     main.obj (.data:GET_token_Pressure)
                  20019daf    0000000b     main.obj (.data:GET_token_Radon)
                  20019dba    0000000b     main.obj (.data:GET_token_RadonLogs)
                  20019dc5    0000000b     main.obj (.data:GET_token_TEMP)
                  20019dd0    0000000b     main.obj (.data:GET_token_UUID)
                  20019ddb    0000000b     main.obj (.data:GET_token_VOC)
                  20019de6    0000000b     main.obj (.data:POST_token)
                  20019df1    00000009     main.obj (.data:Name_Humidity)
                  20019dfa    00000009     main.obj (.data:Name_Pressure)
                  20019e03    00000001     --HOLE--
                  20019e04    00000009     simplelink.a : cc_pal.obj (.data)
                  20019e0d    00000003     --HOLE--
                  20019e10    00000009                  : driver.obj (.data)
                  20019e19    00000003     --HOLE--
                  20019e1c    00000008     rtsv7M4_T_le_eabi.lib : _lock.obj (.data:$O1$$)
                  20019e24    00000008     common.a : verve_utils.obj (.data)
                  20019e2c    00000007     main.obj (.data:Name_ACC)
                  20019e33    00000006     main.obj (.data:Name_Radon)
                  20019e39    00000005     main.obj (.data:Name_Dust)
                  20019e3e    00000004     main.obj (.data:Name_CO2)
                  20019e42    00000004     main.obj (.data:Name_EMF)
                  20019e46    00000004     main.obj (.data:Name_NOX)
                  20019e4a    00000004     main.obj (.data:Name_VOC)
                  20019e4e    00000002     --HOLE--
                  20019e50    00000004     free_rtos.a : port.obj (.data)
                  20019e54    00000004     rtsv7M4_T_le_eabi.lib : errno.obj (.data)
                  20019e58    00000004                           : fopen.obj (.data)
                  20019e5c    00000004                           : stkdepth_vars.obj (.data)
                  20019e60    00000004     simplelink.a : driver.obj (.data:wlan_callbacks)

.stack     0    2002f000    00001000     UNINITIALIZED
                  2002f000    00001000     --HOLE--

MODULE SUMMARY

       Module                     code    ro data   rw data
       ------                     ----    -------   -------
    .\
       main.obj                   4908    3         656    
       startup_ccs.obj            14      1024      0      
       i2c_if.obj                 656     0         0      
       gpio_if.obj                544     0         20     
       pinmux.obj                 276     0         0      
       network_common.obj         38      0         0      
    +--+--------------------------+-------+---------+---------+
       Total:                     6436    1027      676    
                                                           
    ../../common/Release/common.a
       verve_utils.obj            852     11        308    
       simplelinklibrary.obj      684     97        234    
       verve_cloud.obj            344     32        4      
       smartconfig.obj            80      0         0      
    +--+--------------------------+-------+---------+---------+
       Total:                     1960    140       546    
                                                           
    ../../sensorlib/Release/sensorlib.a
       bme280drv.obj              1884    0         0      
       gp2y101drv.obj             580     0         456    
       s8nsairdrv.obj             1012    0         0      
       tmp006drv.obj              624     0         0      
       radondrv.obj               564     0         0      
       bma222drv.obj              418     0         0      
       mics87drv.obj              348     0         0      
       emfdrv.obj                 324     0         0      
       ads1115.obj                104     0         0      
    +--+--------------------------+-------+---------+---------+
       Total:                     5858    0         456    
                                                           
    C:/ti/CC3200SDK_1.2.0/cc3200-sdk/driverlib/ccs/Release/driverlib.a
       prcm.obj                   852     168       0      
       interrupt.obj              608     284       0      
       spi.obj                    696     24        0      
       udma.obj                   604     0         0      
       pin.obj                    302     256       0      
       i2c.obj                    352     0         0      
       uart.obj                   346     0         0      
       gpio.obj                   286     0         0      
       timer.obj                  210     0         0      
       cpu.obj                    20      0         0      
       utils.obj                  6       0         0      
    +--+--------------------------+-------+---------+---------+
       Total:                     4282    732       0      
                                                           
    C:/ti/CC3200SDK_1.2.0/cc3200-sdk/netapps/http/client/ccs/HTTPClientMinLib/webclient.a
       httpcli.obj                4036    24        88     
       ssock.obj                  746     0         0      
    +--+--------------------------+-------+---------+---------+
       Total:                     4782    24        88     
                                                           
    C:/ti/CC3200SDK_1.2.0/cc3200-sdk/oslib/ccs/free_rtos/free_rtos.a
       tasks.obj                  4700    0         360    
       queue.obj                  2852    0         80     
       osi_freertos.obj           1116    0         12     
       list.obj                   298     0         0      
       port.obj                   272     0         4      
       portasm.obj                186     0         0      
       heap_3.obj                 56      0         0      
    +--+--------------------------+-------+---------+---------+
       Total:                     9480    0         456    
                                                           
    C:/ti/CC3200SDK_1.2.0/cc3200-sdk/simplelink/ccs/OS/simplelink.a
       driver.obj                 7730    192       391    
       netapp.obj                 1980    28        0      
       cc_pal.obj                 1736    0         97     
       socket.obj                 1662    40        0      
       device.obj                 1142    20        0      
       wlan.obj                   760     24        0      
       netcfg.obj                 192     4         0      
    +--+--------------------------+-------+---------+---------+
       Total:                     15202   308       488    
                                                           
    C:\ti\ccsv6\tools\compiler\arm_15.12.2.LTS\lib\rtsv7M4_T_le_eabi.lib
       _printfi.obj               4348    0         0      
       e_pow.obj                  2468    48        0      
       memory.obj                 988     0         12     
       lowlev.obj                 780     0         208    
       trgdrv.obj                 804     0         8      
       ll_div_t2.obj              542     0         0      
       ull_div_t2.obj             500     0         0      
       fopen.obj                  452     0         4      
       fd_add_t2.obj              438     0         0      
       defs.obj                   0       0         416    
       trgmsg.obj                 104     0         288    
       e_sqrt.obj                 368     0         0      
       fd_div_t2.obj              310     0         0      
       strtol.obj                 308     0         0      
       strtoul.obj                276     0         0      
       fd_cmp_t2.obj              268     0         0      
       ctype.obj                  0       257       0      
       fd_mul_t2.obj              252     0         0      
       fs_add_t2.obj              250     0         0      
       setvbuf.obj                220     0         0      
       s_scalbn.obj               208     0         0      
       fflush.obj                 200     0         0      
       s_trunc.obj                180     0         0      
       _io_perm.obj               172     0         0      
       memcpy_t2.obj              156     0         0      
       fclose.obj                 152     0         0      
       fputc.obj                  152     0         0      
       fs_div_t2.obj              146     0         0      
       vsnprintf.obj              136     0         0      
       fs_mul_t2.obj              122     0         0      
       memset_t2.obj              122     0         0      
       autoinit.obj               112     0         0      
       copy_decompress_rle.obj    112     0         0      
       fd_tos_t2.obj              110     0         0      
       fseek.obj                  100     0         0      
       exit.obj                   84      0         12     
       fs_cmp_t2.obj              96      0         0      
       sprintf.obj                96      0         0      
       s_frexp.obj                92      0         0      
       ltoa.obj                   86      0         0      
       atoi.obj                   76      0         0      
       cpy_tbl.obj                76      0         0      
       fd_toi_t2.obj              72      0         0      
       ll_tofs_t2.obj             72      0         0      
       boot.obj                   64      0         0      
       fs_tod_t2.obj              56      0         0      
       fs_toi_t2.obj              56      0         0      
       i_tofs_t2.obj              56      0         0      
       fs_tou_t2.obj              52      0         0      
       strncpy.obj                48      0         0      
       i_tofd_t2.obj              46      0         0      
       strncat.obj                40      0         0      
       strncmp.obj                38      0         0      
       memcmp.obj                 34      0         0      
       strcat.obj                 30      0         0      
       _lock.obj                  20      0         8      
       memccpy.obj                28      0         0      
       args_main.obj              24      0         0      
       ll_mul_t2.obj              24      0         0      
       strcmp.obj                 24      0         0      
       strchr.obj                 22      0         0      
       strcpy.obj                 20      0         0      
       strlen.obj                 20      0         0      
       copy_decompress_none.obj   14      0         0      
       s_copysign.obj             8       0         0      
       errno.obj                  0       0         4      
       pre_init.obj               4       0         0      
       stkdepth_vars.obj          0       0         4      
       l_div0.obj                 2       0         0      
       mpu_init.obj               2       0         0      
       startup.obj                2       0         0      
    +--+--------------------------+-------+---------+---------+
       Total:                     17340   305       964    
                                                           
       Heap:                      0       0         8192   
       Stack:                     0       0         4096   
       Linker Generated:          0       593       0      
    +--+--------------------------+-------+---------+---------+
       Grand Total:               65340   3129      15962  


LINKER GENERATED COPY TABLES

__TI_cinit_table @ 20014b94 records: 2, size/record: 8, table size: 16
	.data: load addr=20014950, load size=0000022e bytes, run addr=20019984, run size=000004e0 bytes, compression=rle
	.bss: load addr=20014b80, load size=0000000b bytes, run addr=20019000, run size=00000984 bytes, compression=rle


LINKER GENERATED HANDLER TABLE

__TI_handler_table @ 20014b8c records: 2, size/record: 4, table size: 8
	index: 0, handler: __TI_decompress_rle24
	index: 1, handler: __TI_decompress_none


GLOBAL SYMBOLS: SORTED ALPHABETICALLY BY Name 

address   name                                  
-------   ----                                  
2001293d  ADCBlockRead                          
2000e1f5  BMA222Close                           
2000e1e5  BMA222Open                            
2000e18d  BMA222Read                            
2000e099  BMA222ReadNew                         
2000a3cd  BME280Begin                           
2000a64b  BME280Close                           
2000a62f  BME280Open                            
2000a5fd  BME280Read                            
2000a5c5  BME280ReadTestValues                  
2000a573  BME280run                             
2000e079  BlockRead                             
2000a2b9  BlockReadBME280                       
20012db9  C$$EXIT                               
200128bb  C$$IO$$                               
20014207  CPUcpsie                              
2000b417  ComputeCO2ppm                         
20005429  ConnectToNetwork                      
20019974  DMAMsgQ                               
20013a75  DmaSpiSwIntHandler                    
20019000  DustReadings                          
2000f2d7  EMFClose                              
2000f2c7  EMFOpen                               
2000f2bf  EMFPowerUp                            
2000f2b5  EMFPowerUpComplete                    
2000f1dd  EMFRead                               
20019d20  GET_token_ACC                         
20019d2b  GET_token_AHPT                        
20019d36  GET_token_CO2                         
20019d41  GET_token_CO2_Calibrate               
20019d4c  GET_token_Cloud                       
20019d57  GET_token_Control                     
20019d62  GET_token_DateTime                    
20019d6d  GET_token_Dust                        
20019d78  GET_token_EMF                         
20019d83  GET_token_Humidity                    
20019d8e  GET_token_Logger                      
20019d99  GET_token_NOX                         
20019da4  GET_token_Pressure                    
20019daf  GET_token_Radon                       
20019dba  GET_token_RadonLogs                   
20019dc5  GET_token_TEMP                        
20019dd0  GET_token_UUID                        
20019ddb  GET_token_VOC                         
2000ce23  GP2Y101Close                          
2000ce13  GP2Y101Open                           
2000ce0b  GP2Y101PowerUp                        
2000ce01  GP2Y101PowerUpComplete                
2000cdd5  GP2Y101Read                           
2000cd1b  GP2Y101ReadAvg                        
2000cc61  GP2Y101ReadValue                      
2000cc5f  GPIOConfigureLEDDust                  
200138e1  GPIODirModeSet                        
2001421b  GPIOIntClear                          
20013fe1  GPIOIntEnable                         
20011f29  GPIOIntTypeSet                        
2000cc55  GPIOLEDDustOff                        
2000cc4b  GPIOLEDDustOn                         
2001407d  GPIOPinRead                           
20013de3  GPIOPinWrite                          
2000d45d  GPIO_IF_ConfigureNIntEnable           
2000d4d9  GPIO_IF_Get                           
2000d417  GPIO_IF_GetPortNPin                   
2000d335  GPIO_IF_LedConfigure                  
2000d391  GPIO_IF_LedOff                        
2000d341  GPIO_IF_LedOn                         
2000d3e1  GPIO_IF_LedStatus                     
2000d40b  GPIO_IF_LedToggle                     
2000d49f  GPIO_IF_Set                           
2001291d  GetADCRegisterValue                   
2000e16d  GetRegisterValue                      
2000a36f  GetRegisterValueBME280                
2000a335  GetRegisterValueShort                 
2000be53  HOSTclock                             
2000be1b  HOSTclose                             
2000bddd  HOSTgetenv                            
2000bd81  HOSTlseek                             
2000bd2f  HOSTopen                              
2000bce3  HOSTread                              
2000bc85  HOSTrename                            
2000bc4b  HOSTtime                              
2000bc01  HOSTtime64                            
2000bbc9  HOSTunlink                            
2000bb7d  HOSTwrite                             
200083af  HTTPCli_connect                       
200084d1  HTTPCli_construct                     
20008519  HTTPCli_create                        
20008531  HTTPCli_delete                        
20008567  HTTPCli_destruct                      
200085af  HTTPCli_disconnect                    
200087e5  HTTPCli_getResponseField              
200087af  HTTPCli_getResponseStatus             
200082a1  HTTPCli_initSockAddr                  
200089f5  HTTPCli_readRawResponseBody           
20008969  HTTPCli_readResponseBody              
2000871f  HTTPCli_sendField                     
20008651  HTTPCli_sendRequest                   
20008777  HTTPCli_sendRequestBody               
20008a35  HTTPCli_setProxy                      
200085e5  HTTPCli_setRequestFields              
2000860b  HTTPCli_setResponseFields             
20008631  HTTPCli_setSecureParams               
2000ee95  HTTPWriteToCloud                      
20014281  I2CMasterControl                      
200142e9  I2CMasterDataGet                      
2001416d  I2CMasterDataPut                      
20014183  I2CMasterEnable                       
20013aa1  I2CMasterErr                          
20011ea5  I2CMasterInitExpClk                   
20014293  I2CMasterIntClearEx                   
20013e85  I2CMasterIntStatusEx                  
20013d39  I2CMasterSlaveAddrSet                 
200142a5  I2CMasterTimeoutSet                   
2000c9bd  I2C_IF_Close                          
2000c975  I2C_IF_Open                           
2000c86f  I2C_IF_Read                           
2000c92b  I2C_IF_ReadFrom                       
2000c7b9  I2C_IF_Write                          
20005695  InitUARTBus                           
2001114d  IntDisable                            
200111f5  IntEnable                             
20014339  IntMasterEnable                       
20012c09  IntPendClear                          
20012d11  IntPrioritySet                        
20013e05  IntRegister                           
20013c61  IntUnregister                         
20014231  IntVTableBaseSet                      
2000eda3  MICS87Close                           
2000ed93  MICS87Open                            
2000ed8b  MICS87PowerUp                         
2000ed81  MICS87PowerUpComplete                 
2000ec9d  MICS87Read                            
20019e2c  Name_ACC                              
20019e3e  Name_CO2                              
20019e39  Name_Dust                             
20019e42  Name_EMF                              
20019df1  Name_Humidity                         
20019e46  Name_NOX                              
20019dfa  Name_Pressure                         
20019e33  Name_Radon                            
20019cfc  Name_TEMP                             
20019e4a  Name_VOC                              
20014321  NwpMaskInterrupt                      
200137c9  NwpPowerOff                           
20013e25  NwpPowerOn                            
20013bed  NwpRegisterInterruptHandler           
2001432d  NwpUnMaskInterrupt                    
200146e0  OpcodeTranslateTable                  
2000e6b5  PRCMCC3200MCUInit                     
20014199  PRCMHIBRegRead                        
200141af  PRCMHIBRegWrite                       
20013b4d  PRCMPeripheralClkDisable              
200136d9  PRCMPeripheralClkEnable               
20011789  PRCMPeripheralClockGet                
20012c61  PRCMPeripheralReset                   
20013919  PRCMPeripheralStatusGet               
20013acd  PRCMSysResetCauseGet                  
20011c01  PinConfigSet                          
2001349d  PinModeSet                            
2000fb21  PinMuxConfig                          
200139b5  PinTypeGPIO                           
20013f39  PinTypeI2C                            
20013ffb  PinTypeUART                           
2000e0ef  ReadAccSensor                         
20014313  ResetISR                              
20019959  RxIrqCnt                              
2000b335  S8NSAIRDrvCalibrate                   
2000b20f  S8NSAIRDrvGetCO2                      
2000b20b  S8NSAIRDrvGetCO2Debug                 
2000b207  S8NSAIRDrvGetCO2TestValues            
2000b203  S8NSAIRDrvOpen                        
2000b1af  S8NSAIRDrvSendRcv                     
2000b18f  S8NSAIRUARTInit                       
2000b16f  S8NSAIRUARTInitRx                     
20019bd2  SENSORS_SEPARATOR                     
20019c40  SENSORS_TEMPLATE_A                    
20019c92  SENSORS_TEMPLATE_B                    
UNDEFED   SHT$$INIT_ARRAY$$Base                 
UNDEFED   SHT$$INIT_ARRAY$$Limit                
20014095  SPICSDisable                          
200140ad  SPICSEnable                           
20011345  SPIConfigSetExpClk                    
200140c5  SPIDisable                            
20014015  SPIDmaDisable                         
2001402f  SPIDmaEnable                          
200140dd  SPIEnable                             
20014049  SPIFIFODisable                        
20014063  SPIFIFOEnable                         
2001394d  SPIFIFOLevelSet                       
20013115  SPIIntClear                           
20012f4d  SPIIntEnable                          
20013d5b  SPIReset                              
20013d7d  SPIWordCountSet                       
200128fb  SetADCRegisterValue                   
2000e057  SetRegisterValue                      
2000a303  SetRegisterValueBME280                
20005321  SimpleLinkGeneralEventHandler         
20004ac1  SimpleLinkHttpServerCallback          
200044ab  SimpleLinkNetAppEventHandler          
20005339  SimpleLinkSockEventHandler            
2000441b  SimpleLinkWlanEventHandler            
20012ebb  SmartConfigConnect                    
20012ead  SmartConfigStop                       
2000c1c5  Ssock_construct                       
2000c205  Ssock_create                          
2000c21f  Ssock_delete                          
2000c247  Ssock_destruct                        
2000c299  Ssock_getSocket                       
2000c2a7  Ssock_recv                            
2000c301  Ssock_recvall                         
2000c345  Ssock_send                            
2000c45f  Ssock_startSecure                     
2000cb61  TMP006DrvGetTemp                      
2000ca0f  TMP006DrvOpen                         
200132c1  TimerConfigure                        
20013ea3  TimerEnable                           
20013e45  TimerGetCurrentTimestamp              
20013af9  TimerLoadSet                          
20013b23  TimerPrescaleSet                      
20013f55  TimerValueGet                         
2000b16d  UART0_Handler                         
200141c5  UARTCharGet                           
20013f71  UARTCharGetNonBlocking                
20013c85  UARTCharPutNonBlocking                
200140f5  UARTCharsAvail                        
2000b14f  UARTClear                             
20012581  UARTConfigSetExpClk                   
200139e5  UARTDisable                           
20013ca9  UARTEnable                            
200142c9  UARTRxErrorClear                      
200142b7  UARTRxErrorGet                        
2001434b  UtilsDelay                            
2000aec5  VDeleteSimpleLinkSpawnTask            
2000ae75  VStartSimpleLinkSpawnTask             
20019c04  Voc                                   
20019bf4  Vref                                  
2001471c  _SlActionLookupTable                  
200113e5  _SlDriverHandleError                  
2001315d  _SlDrvBasicCmd                        
20010c49  _SlDrvCmdOp                           
20012749  _SlDrvCmdSend                         
2000d92d  _SlDrvDataReadOp                      
2000f07d  _SlDrvDataWriteOp                     
200115bd  _SlDrvDeviceEventHandler              
200142d9  _SlDrvDispatchHttpServerEvents        
2000f8f1  _SlDrvDriverCBDeinit                  
2000e395  _SlDrvDriverCBInit                    
20013ccd  _SlDrvGlobalObjUnLock                 
20013305  _SlDrvHandleHttpServerEvents          
200134dd  _SlDrvHandleNetAppEvents              
2001351d  _SlDrvHandleWlanEvents                
20011ae9  _SlDrvIsTimeoutExpired                
200141db  _SlDrvMemZero                         
20010785  _SlDrvMsgReadSpawnCtx                 
2000fe59  _SlDrvNetAppEventHandler              
20013d9f  _SlDrvObjLockWaitForever              
20013ec1  _SlDrvObjUnLock                       
20012f99  _SlDrvProtectAsyncRespSetting         
20013b9d  _SlDrvProtectionObjLockWaitForever    
20013cf1  _SlDrvProtectionObjUnLock             
2000db0d  _SlDrvReleasePoolObj                  
200142f7  _SlDrvResetCmdExt                     
20012e0d  _SlDrvRxIrqHandler                    
20013f8d  _SlDrvStartMeasureTimeout             
20013edf  _SlDrvSyncObjSignal                   
20013d15  _SlDrvSyncObjWaitForever              
2001355d  _SlDrvSyncObjWaitTimeout              
2000e525  _SlDrvWaitForPoolObj                  
200148fc  _SlNetAppSendTokenValueCmdCtrl        
20019308  __CIOBUF_                             
20030000  __STACK_END                           
00001000  __STACK_SIZE                          
00002000  __SYSMEM_SIZE                         
20014b94  __TI_CINIT_Base                       
20014ba4  __TI_CINIT_Limit                      
20014b8c  __TI_Handler_Table_Base               
20014b94  __TI_Handler_Table_Limit              
200125f9  __TI_auto_init                        
2000dda5  __TI_cleanup                          
20019ce4  __TI_cleanup_ptr                      
20011659  __TI_closefile                        
20014305  __TI_decompress_none                  
20014351  __TI_decompress_rle24                 
200109f5  __TI_doflush                          
20019ce8  __TI_dtors_ptr                        
20019cec  __TI_enable_exit_profile_output       
20019cc4  __TI_ft_end                           
ffffffff  __TI_pprof_out_hndl                   
2000777f  __TI_printfi                          
ffffffff  __TI_prof_data_size                   
ffffffff  __TI_prof_data_start                  
20011103  __TI_rd_ok                            
200128bf  __TI_readmsg                          
20014950  __TI_static_base__                    
200195f0  __TI_tmpnams                          
2001288d  __TI_writemsg                         
200110a1  __TI_wrt_ok                           
20011d99  __aeabi_cdcmpeq                       
20011d99  __aeabi_cdcmple                       
20011e1f  __aeabi_cdrcmple                      
20012aed  __aeabi_cfcmpeq                       
20012aed  __aeabi_cfcmple                       
200126d9  __aeabi_d2f                           
200131a5  __aeabi_d2iz                          
2000deab  __aeabi_dadd                          
2000f30d  __aeabi_ddiv                          
2000ff5d  __aeabi_dmul                          
2000dea1  __aeabi_dsub                          
20013839  __aeabi_f2d                           
20013871  __aeabi_f2iz                          
20013981  __aeabi_f2uiz                         
2001005d  __aeabi_fadd                          
2001181d  __aeabi_fdiv                          
2001239d  __aeabi_fmul                          
20010059  __aeabi_fsub                          
20013a45  __aeabi_i2d                           
200138a9  __aeabi_i2f                           
200131ed  __aeabi_l2f                           
2000d92b  __aeabi_ldiv0                         
2000d519  __aeabi_ldivmod                       
2001413d  __aeabi_lmul                          
20012417  __aeabi_memclr                        
20012417  __aeabi_memclr4                       
20012417  __aeabi_memclr8                       
20011485  __aeabi_memcpy                        
20011485  __aeabi_memcpy4                       
20011485  __aeabi_memcpy8                       
20012419  __aeabi_memset                        
20012419  __aeabi_memset4                       
20012419  __aeabi_memset8                       
20019cd0  __aeabi_stderr                        
20019cc8  __aeabi_stdin                         
20019ccc  __aeabi_stdout                        
2000d737  __aeabi_uldivmod                      
ffffffff  __binit__                             
ffffffff  __c_args__                            
2000f443  __mpu_init                            
2002f000  __stack                               
20014125  _args_main                            
200135dd  _c_int00                              
20014360  _ctypes_                              
20019984  _ftable                               
20019e1c  _lock                                 
20014253  _nop                                  
2001424b  _register_lock                        
20014245  _register_unlock                      
2001295d  _sl_HandleAsync_Accept                
20011fad  _sl_HandleAsync_Connect               
200118b1  _sl_HandleAsync_DnsGetHostByName      
20010929  _sl_HandleAsync_DnsGetHostByService   
2001202d  _sl_HandleAsync_InitComplete          
20011941  _sl_HandleAsync_PingResponse          
20012d65  _sl_HandleAsync_Select                
20012e5d  _sl_HandleAsync_Stop                  
200127b5  _sl_NetAppSendTokenValue              
20017000  _sys_memory                           
2000f7cf  _system_post_cinit                    
20014357  _system_pre_init                      
20019e20  _unlock                               
20012dbd  abort                                 
2000c101  add_device                            
20013031  atoi                                  
20019bf0  averageDust                           
ffffffff  binit                                 
20007acb  bufferedRecv                          
2000bb21  calcCRC16forHex                       
20019bfc  calcVoltage                           
2000bae7  calc_crc                              
20019808  calibration                           
2000b7f5  calloc                                
2000b133  charToHex                             
2000b0cb  checkCRC                              
2000b061  checkError                            
2000c0b1  close                                 
2000cc45  computeDust                           
2000f1c9  computeSignalIntensity                
2000ec79  computeVOC                            
2001307d  copy_in                               
20014343  copysign                              
20014343  copysignl                             
2000bacb  crc8                                  
200048b9  createRadonElements                   
200049a5  createSensorsMsg                      
20004931  createVOCElements                     
20019770  dateTime                              
20019be0  deltaTime                             
20019c00  dustDensity                           
200059bd  eTaskGetState                         
20019e54  errno                                 
20012dc5  exit                                  
200116bf  fclose                                
20010a41  fflush                                
2000b9b5  floatToString                         
2000ddfb  fopen                                 
2000b8e5  format                                
200116f1  fputc                                 
2000b543  free                                  
2000ddd1  freopen                               
20012bad  frexp                                 
20012bad  frexpl                                
200129c1  fseek                                 
2001984c  g_BME280Data                          
20019928  g_EMFData                             
2001993c  g_GP2Y101Data                         
20019868  g_MICS87Data                          
20019880  g_RadonData                           
20019898  g_S8NSAIRData                         
20019e04  g_SpiFd                               
2001995a  g_bDeviceRestartIsRequired            
20019978  g_cDummy                              
20019e10  g_pCB                                 
20019e08  g_pHostIntHdl                         
20004000  g_pfnVectors                          
20019e0c  g_ucDMAEnabled                        
20019690  g_ucDinDout                           
2001995b  g_ucMotion                            
20019c08  g_uiLEDDustPort                       
2001997c  g_ulDestinationIP                     
2000b951  gen_crc16                             
20004655  getAHPTElements                       
2000c699  getApDomainName                       
20004733  getCO2Elements                        
2000b94d  getCRC16ForHexString                  
2000b923  getDateTimeString                     
2000c52b  getDeviceName                         
2000c67b  getDeviceTimeDate                     
2000479d  getDustElements                       
20004805  getEMFElements                        
2000c545  getMACAddressForDevice                
2000c545  getMacAddress                         
2000b8e3  getModbusCRC                          
20004547  getMotionElements                     
20004861  getNOxElements                        
2000c65b  getSsidName                           
200044ff  getTemperatureElements                
2000b8df  getUUIDForDevice                      
2000b8db  getUUIDForSensor                      
2000b059  hexToInt                              
200128f5  i2CToADCInit                          
20019be8  index                                 
2000b899  itoa                                  
20019e24  keyIndex                              
20010859  ldexp                                 
20010859  ldexpl                                
20019bd8  ledPower                              
2000a2dd  logBME280Registers                    
2000c08d  lseek                                 
20012cb9  ltoa                                  
2000569d  main                                  
20019e5c  main_func_sp                          
2000b4db  malloc                                
20019bd4  measurePin                            
2000afc9  mem_Free                              
2000afbd  mem_Malloc                            
2000afe9  mem_copy                              
2000afd5  mem_set                               
2000b711  memalign                              
20013fa9  memccpy                               
20013dc1  memcmp                                
20011485  memcpy                                
2001241f  memset                                
2000b44d  minit                                 
2000bfdf  open                                  
2000b03f  osi_ContextRestore                    
2000b03d  osi_ContextSave                       
2000affd  osi_EnterCritical                     
2000b007  osi_ExitCritical                      
2000ac23  osi_InterruptDeRegister               
2000abfd  osi_InterruptRegister                 
2000ad2d  osi_LockObjCreate                     
2000ada1  osi_LockObjDelete                     
2000adb1  osi_LockObjLock                       
2000addd  osi_LockObjUnlock                     
2000aef1  osi_MsgQCreate                        
2000af35  osi_MsgQDelete                        
2000af81  osi_MsgQRead                          
2000af4f  osi_MsgQWrite                         
2000b019  osi_Sleep                             
2000ae07  osi_Spawn                             
2000ad0b  osi_SyncObjClear                      
2000ac35  osi_SyncObjCreate                     
2000ac65  osi_SyncObjDelete                     
2000ac7f  osi_SyncObjSignal                     
2000aca7  osi_SyncObjSignalFromISR              
2000acdf  osi_SyncObjWait                       
2000ad53  osi_TaskCreate                        
2000ad93  osi_TaskDelete                        
2000b029  osi_TaskDisable                       
2000b033  osi_TaskEnable                        
2000b011  osi_start                             
20019e14  pPingCallBackFunc                     
20005ee1  pcTaskGetTaskName                     
20010e7d  portCLZ                               
2000956d  pow                                   
2000956d  powl                                  
20010e65  prvPortStartFirstTask                 
200116f1  putc                                  
20011775  putchar                               
20013801  pvPortMalloc                          
20019c0c  pxCurrentTCB                          
2000fd49  pxPortInitialiseStack                 
2000d2db  radonDrvAsncHandler                   
2000d163  radonDrvGetRadon                      
2000d137  radonDrvGetRadonTestValues            
2000d133  radonDrvOpen                          
2000d12f  radonDrvSetMsgTypeToChar              
2000d0e9  radonDrvSetMsgTypeToHex               
2000d0e5  radonDrvSetRadonAsync                 
2000d0c5  radonUARTInit                         
2000bfbb  read                                  
2000a1a5  readFloatAltitudeFeet                 
2000a177  readFloatAltitudeMeters               
2000a1bd  readFloatHumidity                     
20009fd3  readFloatPressure                     
20009f33  readRegister                          
2000a28d  readRegisterInt16                     
2000a28b  readRegisterRegion                    
20009f55  readTempC                             
20009fb9  readTempF                             
2000b605  realloc                               
2000c59b  registerMdnsService                   
2000bf31  remove                                
2000bf93  remove_device                         
2000bf55  rename                                
2000a283  reset                                 
20019bdc  samplingTime                          
20010859  scalbn                                
20010859  scalbnl                               
2000c505  setApDomainName                       
2000c4df  setDeviceName                         
2000c4d3  setDeviceTimeDate                     
2000c4ad  setSsidName                           
20019950  settings                              
200105cd  setvbuf                               
20013715  simplelink_timerA2_start              
2001338d  sl_Close                              
2000eb0d  sl_Connect                            
20010f39  sl_DevGet                             
200121ad  sl_DevSet                             
20013459  sl_Htonl                              
20013751  sl_Htons                              
2000f579  sl_NetAppDnsGetHostByName             
20011521  sl_NetAppGet                          
20012efd  sl_NetAppMDNSRegisterService          
20010abd  sl_NetAppMDNSRegisterUnregisterService
20013235  sl_NetAppMDNSUnRegisterService        
20012229  sl_NetAppSet                          
2001361d  sl_NetAppStart                        
2001365d  sl_NetAppStop                         
20010d09  sl_NetCfgGet                          
20013c13  sl_Provisioning_HttpServerEventHdl    
20013c21  sl_Provisioning_NetAppEventHdl        
20013c2d  sl_Provisioning_WlanEventHdl          
20011d11  sl_Recv                               
2000fa09  sl_Send                               
200122a5  sl_SetSockOpt                         
20012669  sl_Socket                             
20010411  sl_Start                              
2001032d  sl_Stop                               
20010fed  sl_WlanGet                            
20012491  sl_WlanPolicySet                      
200133d1  sl_WlanProfileDel                     
20012321  sl_WlanSet                            
20013415  sl_WlanSetMode                        
2001129d  sl_WlanSmartConfigStart               
20013e65  sl_WlanSmartConfigStop                
20019be4  sleepTime                             
20012509  spi_Close                             
2000ef2d  spi_Open                              
200106a9  spi_Read                              
20011b75  spi_Write                             
20012b4d  sprintf                               
2000e99d  sqrt                                  
2000e99d  sqrtl                                 
20013f1b  strcat                                
200141f1  strchr                                
20014155  strcmp                                
20014259  strcpy                                
2000b829  stringFrmFloat                        
2001426d  strlen                                
20013bc5  strncat                               
20013c39  strncmp                               
20013a15  strncpy                               
2000f445  strtol                                
2000fc35  strtoul                               
20019980  t_fine                                
20019bec  totalDust                             
20010e85  trunc                                 
20010e85  truncl                                
200130c9  uDMAChannelAssign                     
20012a25  uDMAChannelAttributeDisable           
20012a89  uDMAChannelAttributeEnable            
2001378d  uDMAChannelControlSet                 
20013fc5  uDMAChannelEnable                     
20010155  uDMAChannelTransferSet                
[...]
2000db0d  _SlDrvReleasePoolObj                  
2000dda5  __TI_cleanup                          
2000ddd1  freopen                               
2000ddfb  fopen                                 
2000dea1  __aeabi_dsub                          
2000deab  __aeabi_dadd                          
2000e057  SetRegisterValue                      
2000e079  BlockRead                             
2000e099  BMA222ReadNew                         
2000e0ef  ReadAccSensor                         
2000e16d  GetRegisterValue                      
2000e18d  BMA222Read                            
2000e1e5  BMA222Open                            
2000e1f5  BMA222Close                           
2000e395  _SlDrvDriverCBInit                    
2000e525  _SlDrvWaitForPoolObj                  
2000e6b5  PRCMCC3200MCUInit                     
2000e99d  sqrt                                  
2000e99d  sqrtl                                 
2000eb0d  sl_Connect                            
2000ec79  computeVOC                            
2000ec9d  MICS87Read                            
2000ed81  MICS87PowerUpComplete                 
2000ed8b  MICS87PowerUp                         
2000ed93  MICS87Open                            
2000eda3  MICS87Close                           
2000ee95  HTTPWriteToCloud                      
2000ef2d  spi_Open                              
2000f07d  _SlDrvDataWriteOp                     
2000f1c9  computeSignalIntensity                
2000f1dd  EMFRead                               
2000f2b5  EMFPowerUpComplete                    
2000f2bf  EMFPowerUp                            
2000f2c7  EMFOpen                               
2000f2d7  EMFClose                              
2000f30d  __aeabi_ddiv                          
2000f443  __mpu_init                            
2000f445  strtol                                
2000f579  sl_NetAppDnsGetHostByName             
2000f6a5  vListInitialise                       
2000f6d5  vListInitialiseItem                   
2000f6e5  vListInsertEnd                        
2000f721  vListInsert                           
2000f787  uxListRemove                          
2000f7cf  _system_post_cinit                    
2000f8f1  _SlDrvDriverCBDeinit                  
2000fa09  sl_Send                               
2000fb21  PinMuxConfig                          
2000fc35  strtoul                               
2000fd49  pxPortInitialiseStack                 
2000fd99  xPortStartScheduler                   
2000fdc5  vPortEndScheduler                     
2000fdc7  vPortYield                            
2000fdd9  vPortEnterCritical                    
2000fdf1  vPortExitCritical                     
2000fe09  xPortSysTickHandler                   
2000fe25  vPortSetupTimerInterrupt              
2000fe59  _SlDrvNetAppEventHandler              
2000ff5d  __aeabi_dmul                          
20010059  __aeabi_fsub                          
2001005d  __aeabi_fadd                          
20010155  uDMAChannelTransferSet                
2001032d  sl_Stop                               
20010411  sl_Start                              
200105cd  setvbuf                               
200106a9  spi_Read                              
20010785  _SlDrvMsgReadSpawnCtx                 
20010859  ldexp                                 
20010859  ldexpl                                
20010859  scalbn                                
20010859  scalbnl                               
20010929  _sl_HandleAsync_DnsGetHostByService   
200109f5  __TI_doflush                          
20010a41  fflush                                
20010abd  sl_NetAppMDNSRegisterUnregisterService
20010c49  _SlDrvCmdOp                           
20010d09  sl_NetCfgGet                          
20010dcd  ulPortSetInterruptMask                
20010de3  vPortClearInterruptMask               
20010df1  xPortPendSVHandler                    
20010e3d  vPortSVCHandler                       
20010e65  prvPortStartFirstTask                 
20010e7d  portCLZ                               
20010e85  trunc                                 
20010e85  truncl                                
20010f39  sl_DevGet                             
20010fed  sl_WlanGet                            
200110a1  __TI_wrt_ok                           
20011103  __TI_rd_ok                            
2001114d  IntDisable                            
200111f5  IntEnable                             
2001129d  sl_WlanSmartConfigStart               
20011345  SPIConfigSetExpClk                    
200113e5  _SlDriverHandleError                  
20011485  __aeabi_memcpy                        
20011485  __aeabi_memcpy4                       
20011485  __aeabi_memcpy8                       
20011485  memcpy                                
20011521  sl_NetAppGet                          
200115bd  _SlDrvDeviceEventHandler              
20011659  __TI_closefile                        
200116bf  fclose                                
200116f1  fputc                                 
200116f1  putc                                  
20011775  putchar                               
20011789  PRCMPeripheralClockGet                
2001181d  __aeabi_fdiv                          
200118b1  _sl_HandleAsync_DnsGetHostByName      
20011941  _sl_HandleAsync_PingResponse          
20011ae9  _SlDrvIsTimeoutExpired                
20011b75  spi_Write                             
20011c01  PinConfigSet                          
20011c89  vsnprintf                             
20011d11  sl_Recv                               
20011d99  __aeabi_cdcmpeq                       
20011d99  __aeabi_cdcmple                       
20011e1f  __aeabi_cdrcmple                      
20011ea5  I2CMasterInitExpClk                   
20011f29  GPIOIntTypeSet                        
20011fad  _sl_HandleAsync_Connect               
2001202d  _sl_HandleAsync_InitComplete          
200121ad  sl_DevSet                             
20012229  sl_NetAppSet                          
200122a5  sl_SetSockOpt                         
20012321  sl_WlanSet                            
2001239d  __aeabi_fmul                          
20012417  __aeabi_memclr                        
20012417  __aeabi_memclr4                       
20012417  __aeabi_memclr8                       
20012419  __aeabi_memset                        
20012419  __aeabi_memset4                       
20012419  __aeabi_memset8                       
2001241f  memset                                
20012491  sl_WlanPolicySet                      
20012509  spi_Close                             
20012581  UARTConfigSetExpClk                   
200125f9  __TI_auto_init                        
20012669  sl_Socket                             
200126d9  __aeabi_d2f                           
20012749  _SlDrvCmdSend                         
200127b5  _sl_NetAppSendTokenValue              
2001288d  __TI_writemsg                         
200128bb  C$$IO$$                               
200128bf  __TI_readmsg                          
200128f5  i2CToADCInit                          
200128fb  SetADCRegisterValue                   
2001291d  GetADCRegisterValue                   
2001293d  ADCBlockRead                          
2001295d  _sl_HandleAsync_Accept                
200129c1  fseek                                 
20012a25  uDMAChannelAttributeDisable           
20012a89  uDMAChannelAttributeEnable            
20012aed  __aeabi_cfcmpeq                       
20012aed  __aeabi_cfcmple                       
20012b4d  sprintf                               
20012bad  frexp                                 
20012bad  frexpl                                
20012c09  IntPendClear                          
20012c61  PRCMPeripheralReset                   
20012cb9  ltoa                                  
20012d11  IntPrioritySet                        
20012d65  _sl_HandleAsync_Select                
20012db9  C$$EXIT                               
20012dbd  abort                                 
20012dc5  exit                                  
20012e0d  _SlDrvRxIrqHandler                    
20012e5d  _sl_HandleAsync_Stop                  
20012ead  SmartConfigStop                       
20012ebb  SmartConfigConnect                    
20012efd  sl_NetAppMDNSRegisterService          
20012f4d  SPIIntEnable                          
20012f99  _SlDrvProtectAsyncRespSetting         
20013031  atoi                                  
2001307d  copy_in                               
200130c9  uDMAChannelAssign                     
20013115  SPIIntClear                           
2001315d  _SlDrvBasicCmd                        
200131a5  __aeabi_d2iz                          
200131ed  __aeabi_l2f                           
20013235  sl_NetAppMDNSUnRegisterService        
200132c1  TimerConfigure                        
20013305  _SlDrvHandleHttpServerEvents          
2001338d  sl_Close                              
200133d1  sl_WlanProfileDel                     
20013415  sl_WlanSetMode                        
20013459  sl_Htonl                              
2001349d  PinModeSet                            
200134dd  _SlDrvHandleNetAppEvents              
2001351d  _SlDrvHandleWlanEvents                
2001355d  _SlDrvSyncObjWaitTimeout              
200135dd  _c_int00                              
2001361d  sl_NetAppStart                        
2001365d  sl_NetAppStop                         
200136d9  PRCMPeripheralClkEnable               
20013715  simplelink_timerA2_start              
20013751  sl_Htons                              
2001378d  uDMAChannelControlSet                 
200137c9  NwpPowerOff                           
20013801  pvPortMalloc                          
20013821  vPortFree                             
20013839  __aeabi_f2d                           
20013871  __aeabi_f2iz                          
200138a9  __aeabi_i2f                           
200138e1  GPIODirModeSet                        
20013919  PRCMPeripheralStatusGet               
2001394d  SPIFIFOLevelSet                       
20013981  __aeabi_f2uiz                         
200139b5  PinTypeGPIO                           
200139e5  UARTDisable                           
20013a15  strncpy                               
20013a45  __aeabi_i2d                           
20013a75  DmaSpiSwIntHandler                    
20013aa1  I2CMasterErr                          
20013acd  PRCMSysResetCauseGet                  
20013af9  TimerLoadSet                          
20013b23  TimerPrescaleSet                      
20013b4d  PRCMPeripheralClkDisable              
20013b9d  _SlDrvProtectionObjLockWaitForever    
20013bc5  strncat                               
20013bed  NwpRegisterInterruptHandler           
20013c13  sl_Provisioning_HttpServerEventHdl    
20013c21  sl_Provisioning_NetAppEventHdl        
20013c2d  sl_Provisioning_WlanEventHdl          
20013c39  strncmp                               
20013c61  IntUnregister                         
20013c85  UARTCharPutNonBlocking                
20013ca9  UARTEnable                            
20013ccd  _SlDrvGlobalObjUnLock                 
20013cf1  _SlDrvProtectionObjUnLock             
20013d15  _SlDrvSyncObjWaitForever              
20013d39  I2CMasterSlaveAddrSet                 
20013d5b  SPIReset                              
20013d7d  SPIWordCountSet                       
20013d9f  _SlDrvObjLockWaitForever              
20013dc1  memcmp                                
20013de3  GPIOPinWrite                          
20013e05  IntRegister                           
20013e25  NwpPowerOn                            
20013e45  TimerGetCurrentTimestamp              
20013e65  sl_WlanSmartConfigStop                
20013e85  I2CMasterIntStatusEx                  
20013ea3  TimerEnable                           
20013ec1  _SlDrvObjUnLock                       
20013edf  _SlDrvSyncObjSignal                   
20013f1b  strcat                                
20013f39  PinTypeI2C                            
20013f55  TimerValueGet                         
20013f71  UARTCharGetNonBlocking                
20013f8d  _SlDrvStartMeasureTimeout             
20013fa9  memccpy                               
20013fc5  uDMAChannelEnable                     
20013fe1  GPIOIntEnable                         
20013ffb  PinTypeUART                           
20014015  SPIDmaDisable                         
2001402f  SPIDmaEnable                          
20014049  SPIFIFODisable                        
20014063  SPIFIFOEnable                         
2001407d  GPIOPinRead                           
20014095  SPICSDisable                          
200140ad  SPICSEnable                           
200140c5  SPIDisable                            
200140dd  SPIEnable                             
200140f5  UARTCharsAvail                        
20014125  _args_main                            
2001413d  __aeabi_lmul                          
20014155  strcmp                                
2001416d  I2CMasterDataPut                      
20014183  I2CMasterEnable                       
20014199  PRCMHIBRegRead                        
200141af  PRCMHIBRegWrite                       
200141c5  UARTCharGet                           
200141db  _SlDrvMemZero                         
200141f1  strchr                                
20014207  CPUcpsie                              
2001421b  GPIOIntClear                          
20014231  IntVTableBaseSet                      
20014245  _register_unlock                      
2001424b  _register_lock                        
20014253  _nop                                  
20014259  strcpy                                
2001426d  strlen                                
20014281  I2CMasterControl                      
20014293  I2CMasterIntClearEx                   
200142a5  I2CMasterTimeoutSet                   
200142b7  UARTRxErrorGet                        
200142c9  UARTRxErrorClear                      
200142d9  _SlDrvDispatchHttpServerEvents        
200142e9  I2CMasterDataGet                      
200142f7  _SlDrvResetCmdExt                     
20014305  __TI_decompress_none                  
20014313  ResetISR                              
20014321  NwpMaskInterrupt                      
2001432d  NwpUnMaskInterrupt                    
20014339  IntMasterEnable                       
20014343  copysign                              
20014343  copysignl                             
2001434b  UtilsDelay                            
20014351  __TI_decompress_rle24                 
20014357  _system_pre_init                      
20014360  _ctypes_                              
200146e0  OpcodeTranslateTable                  
2001471c  _SlActionLookupTable                  
200148fc  _SlNetAppSendTokenValueCmdCtrl        
20014950  __TI_static_base__                    
20014b8c  __TI_Handler_Table_Base               
20014b94  __TI_CINIT_Base                       
20014b94  __TI_Handler_Table_Limit              
20014ba4  __TI_CINIT_Limit                      
20017000  _sys_memory                           
20019000  DustReadings                          
20019308  __CIOBUF_                             
200195f0  __TI_tmpnams                          
20019690  g_ucDinDout                           
200196e0  xQueueRegistry                        
20019770  dateTime                              
20019808  calibration                           
2001984c  g_BME280Data                          
20019868  g_MICS87Data                          
20019880  g_RadonData                           
20019898  g_S8NSAIRData                         
20019928  g_EMFData                             
2001993c  g_GP2Y101Data                         
20019950  settings                              
20019959  RxIrqCnt                              
2001995a  g_bDeviceRestartIsRequired            
2001995b  g_ucMotion                            
20019974  DMAMsgQ                               
20019978  g_cDummy                              
2001997c  g_ulDestinationIP                     
20019980  t_fine                                
20019984  _ftable                               
20019bd2  SENSORS_SEPARATOR                     
20019bd4  measurePin                            
20019bd8  ledPower                              
20019bdc  samplingTime                          
20019be0  deltaTime                             
20019be4  sleepTime                             
20019be8  index                                 
20019bec  totalDust                             
20019bf0  averageDust                           
20019bf4  Vref                                  
20019bf8  voMeasured                            
20019bfc  calcVoltage                           
20019c00  dustDensity                           
20019c04  Voc                                   
20019c08  g_uiLEDDustPort                       
20019c0c  pxCurrentTCB                          
20019c40  SENSORS_TEMPLATE_A                    
20019c92  SENSORS_TEMPLATE_B                    
20019cc4  __TI_ft_end                           
20019cc8  __aeabi_stdin                         
20019ccc  __aeabi_stdout                        
20019cd0  __aeabi_stderr                        
20019ce4  __TI_cleanup_ptr                      
20019ce8  __TI_dtors_ptr                        
20019cec  __TI_enable_exit_profile_output       
20019cfc  Name_TEMP                             
20019d08  xHigherPriorityTaskWoken              
20019d0c  xSimpleLinkSpawnQueue                 
20019d10  xSimpleLinkSpawnTaskHndl              
20019d20  GET_token_ACC                         
20019d2b  GET_token_AHPT                        
20019d36  GET_token_CO2                         
20019d41  GET_token_CO2_Calibrate               
20019d4c  GET_token_Cloud                       
20019d57  GET_token_Control                     
20019d62  GET_token_DateTime                    
20019d6d  GET_token_Dust                        
20019d78  GET_token_EMF                         
20019d83  GET_token_Humidity                    
20019d8e  GET_token_Logger                      
20019d99  GET_token_NOX                         
20019da4  GET_token_Pressure                    
20019daf  GET_token_Radon                       
20019dba  GET_token_RadonLogs                   
20019dc5  GET_token_TEMP                        
20019dd0  GET_token_UUID                        
20019ddb  GET_token_VOC                         
20019df1  Name_Humidity                         
20019dfa  Name_Pressure                         
20019e04  g_SpiFd                               
20019e08  g_pHostIntHdl                         
20019e0c  g_ucDMAEnabled                        
20019e10  g_pCB                                 
20019e14  pPingCallBackFunc                     
20019e1c  _lock                                 
20019e20  _unlock                               
20019e24  keyIndex                              
20019e2c  Name_ACC                              
20019e33  Name_Radon                            
20019e39  Name_Dust                             
20019e3e  Name_CO2                              
20019e42  Name_EMF                              
20019e46  Name_NOX                              
20019e4a  Name_VOC                              
20019e54  errno                                 
20019e5c  main_func_sp                          
2002f000  __stack                               
20030000  __STACK_END                           
ffffffff  __TI_pprof_out_hndl                   
ffffffff  __TI_prof_data_size                   
ffffffff  __TI_prof_data_start                  
ffffffff  __binit__                             
ffffffff  __c_args__                            
ffffffff  binit                                 
UNDEFED   SHT$$INIT_ARRAY$$Base                 
UNDEFED   SHT$$INIT_ARRAY$$Limit                

[689 symbols]
